- 21:49:03.000 INFO: --------------------------------------------------------
- 21:49:03.000 INFO: Started application
- 21:49:03.000 INFO: Logging to: C:\Manutentori\debug.log
- 21:49:03.000 INFO: Log level = DEBUG4
- 21:49:03.000 INFO: Starting Mongoose 3.9c web server
- 21:49:03.016 INFO: WWW directory: C:\Manutentori\www
- 21:49:03.016 INFO: Index files: index.html,index.php
- 21:49:03.016 INFO: CGI interpreter: C:\Manutentori\php\php-cgi.exe
- 21:49:03.016 INFO: CGI pattern: **.php$
- 21:49:03.016 INFO: Hide files patterns: 
- 21:49:03.016 INFO: CGI environment variables set: TMP=C:\Users\verrie\AppData\Local\Temp\,TEMP=C:\Users\verrie\AppData\Local\Temp\,TMPDIR=C:\Users\verrie\AppData\Local\Temp\,SERVER_NAME=127.0.0.1,PHPDESKTOP_VERSION=57.0
- 21:49:03.016 INFO: Web server url: http://127.0.0.1:56055/
- 21:49:03.016 INFO: remote_debugging_port = 53943
- 21:49:03.016 DEBUG: Command line string for the browser process: "C:\Manutentori\manutenzione.exe" --no-sandbox --lang=en-US --log-file="C:\Manutentori\debug.log" --remote-debugging-port=53943
- 21:49:03.078 DEBUG: App::OnContextInitialized()
- 21:49:03.078 INFO: DPI, window enlarged by 50% new width/height = 1500/900
- 21:49:03.078 DEBUG: Window max width/height = 1846/978
- 21:49:03.078 DEBUG: GetBrowserWindow(): not found, hwnd = 525138
- 21:49:03.078 DEBUG: WindowProc(): event WM_GETMINMAXINFO: could not fetch BrowserWindow
- 21:49:03.078 WARNING: Setting icon from settings file failed (ICON_BIG)
- 21:49:03.078 WARNING: Setting icon from settings file failed (ICON_SMALL)
- 21:49:03.078 DEBUG: BrowserWindow::CreateBrowserControl()
- 21:49:03.078 DEBUG: StoreBrowserWindow(): hwnd = 525138
- 21:49:03.172 DEBUG: ClientHandler::OnAfterCreated()
- 21:49:03.172 DEBUG: SetCefBrowser() called in ClientHandler::OnAfterCreated()
- 21:49:03.187 DEBUG: OnLoadingStateChange: loading=1, url=
- 21:49:03.000 DEBUG: Command line string for the gpu-process process: "C:\Manutentori\manutenzione.exe" --type=gpu-process --no-sandbox --lang=en-US --log-file="C:\Manutentori\debug.log" --disable-direct-composition --supports-dual-gpus=false --gpu-driver-bug-workarounds=7,10,18,19,20,23,41,61,74 --disable-gl-extensions="GL_KHR_blend_equation_advanced GL_KHR_blend_equation_advanced_coherent" --gpu-vendor-id=0x8086 --gpu-device-id=0xa7a1 --gpu-driver-vendor="Intel Corporation" --gpu-driver-version=31.0.101.5522 --gpu-driver-date=5-12-2024 --lang=en-US --log-file="C:\Manutentori\debug.log" --service-request-channel-token=358F9F19A11C6697FE71ED322403A401 --mojo-platform-channel-handle=1768 /prefetch:2
- 21:49:03.016 DEBUG: Command line string for the renderer process: "C:\Manutentori\manutenzione.exe" --type=renderer --no-sandbox --primordial-pipe-token=7B97C0EDD7498195D5FC875E14067C25 --lang=en-US --lang=en-US --log-file="C:\Manutentori\debug.log" --enable-pinch --device-scale-factor=1.5 --num-raster-threads=4 --enable-main-frame-before-activation --content-image-texture-target=0,0,3553;0,1,3553;0,2,3553;0,3,3553;0,4,3553;0,5,3553;0,6,3553;0,7,3553;0,8,3553;0,9,3553;0,10,3553;0,11,3553;0,12,3553;0,13,3553;0,14,3553;0,15,3553;1,0,3553;1,1,3553;1,2,3553;1,3,3553;1,4,3553;1,5,3553;1,6,3553;1,7,3553;1,8,3553;1,9,3553;1,10,3553;1,11,3553;1,12,3553;1,13,3553;1,14,3553;1,15,3553;2,0,3553;2,1,3553;2,2,3553;2,3,3553;2,4,3553;2,5,3553;2,6,3553;2,7,3553;2,8,3553;2,9,3553;2,10,3553;2,11,3553;2,12,3553;2,13,3553;2,14,3553;2,15,3553;3,0,3553;3,1,3553;3,2,3553;3,3,3553;3,4,3553;3,5,3553;3,6,3553;3,7,3553;3,8,3553;3,9,3553;3,10,3553;3,11,3553;3,12,3553;3,13,3553;3,14,3553;3,15,3553 --service-request-channel-token=7B97C0EDD7498195D5FC875E14067C25 --renderer-client-id=3 --mojo-platform-channel-handle=2356 /prefetch:1
[0709/214903.947:ERROR:child_thread_impl.cc(762)] Request for unknown Channel-associated interface: ui::mojom::GpuMain
- 21:49:03.047 DEBUG: OnBrowserCreated()
- 21:49:04.594 INFO: GET 200 /css.css
- 21:49:04.282 DEBUG: OnContextCreated()
- 21:49:04.594 INFO: GET 200 /image/Aggiungi.png
- 21:49:04.594 INFO: GET 200 /image/Modifica.png
- 21:49:04.609 INFO: GET 200 /image/Elimina.png
- 21:49:04.609 INFO: GET 200 /image/Clear.png
- 21:49:04.609 INFO: GET 200 /image/faccina.png
- 21:49:04.609 INFO: GET 200 /
- 21:49:04.609 INFO: GET 200 /image/TutteLeMacchine.png
[0709/214904.201:INFO:CONSOLE(1)] "Uncaught SyntaxError: Unexpected token ...", source: https://cdn.jsdelivr.net/npm/uikit@3.15.9/dist/js/uikit.min.js (1)
- 21:49:04.609 INFO: GET 200 /image/StoricoMacchina.png
- 21:49:04.609 INFO: GET 200 /image/MacchineInProgrammaPerData.png
- 21:49:04.609 INFO: GET 200 /image/MacchineEffettuateInData.png
- 21:49:04.656 INFO: GET 200 /image/ELIMINA2.png
- 21:49:04.656 INFO: GET 200 /image/OK.png
- 21:49:04.672 INFO: GET 200 /image/RiepilogoMensile.png
- 21:49:04.672 INFO: GET 200 /image/Chiudi.png
- 21:49:04.672 INFO: GET 200 /js.js
- 21:49:04.703 DEBUG: OnLoadingStateChange: loading=0, url=http://127.0.0.1:56055/
- 21:49:07.187 DEBUG: OnLoadingStateChange: loading=1, url=http://127.0.0.1:56055/
- 21:49:07.063 DEBUG: OnContextCreated()
- 21:49:07.375 INFO: POST 200 /
[0709/214907.974:INFO:CONSOLE(1)] "Uncaught SyntaxError: Unexpected token ...", source: https://cdn.jsdelivr.net/npm/uikit@3.15.9/dist/js/uikit.min.js (1)
- 21:49:08.422 DEBUG: OnLoadingStateChange: loading=0, url=http://127.0.0.1:56055/
- 21:49:09.125 DEBUG: WM_DESTROY
- 21:49:09.125 DEBUG: RemoveBrowserWindow(): hwnd = 525138
- 21:49:09.125 INFO: Stopping Mongoose web server
- 21:49:09.125 DEBUG: Mongoose webserver stopped immediately
- 21:49:09.125 DEBUG: OnBeforeClose() hwnd=919418
- 21:49:09.125 DEBUG: RemoveBrowserWindow(): hwnd = 919418
- 21:49:09.125 DEBUG: GetBrowserWindow(): not found, hwnd = 919418
- 21:49:09.125 WARNING: RemoveBrowserWindow() failed: GetBrowserWindow() failed
- 21:49:09.125 DEBUG: Calling CefQuitMessageLoop()
- 21:49:09.203 INFO: Ended application
- 21:49:09.203 INFO: --------------------------------------------------------
- 21:49:32.000 INFO: --------------------------------------------------------
- 21:49:32.000 INFO: Started application
- 21:49:32.000 INFO: Logging to: C:\Manutentori\debug.log
- 21:49:32.000 INFO: Log level = DEBUG4
- 21:49:32.000 INFO: Starting Mongoose 3.9c web server
- 21:49:32.000 INFO: WWW directory: C:\Manutentori\www
- 21:49:32.000 INFO: Index files: index.html,index.php
- 21:49:32.000 INFO: CGI interpreter: C:\Manutentori\php\php-cgi.exe
- 21:49:32.000 INFO: CGI pattern: **.php$
- 21:49:32.000 INFO: Hide files patterns: 
- 21:49:32.000 INFO: CGI environment variables set: TMP=C:\Users\verrie\AppData\Local\Temp\,TEMP=C:\Users\verrie\AppData\Local\Temp\,TMPDIR=C:\Users\verrie\AppData\Local\Temp\,SERVER_NAME=127.0.0.1,PHPDESKTOP_VERSION=57.0
- 21:49:32.016 INFO: Web server url: http://127.0.0.1:56088/
- 21:49:32.016 INFO: remote_debugging_port = 64690
- 21:49:32.016 DEBUG: Command line string for the browser process: "C:\Manutentori\manutenzione.exe" --no-sandbox --lang=en-US --log-file="C:\Manutentori\debug.log" --remote-debugging-port=64690
- 21:49:32.063 DEBUG: App::OnContextInitialized()
- 21:49:32.063 INFO: DPI, window enlarged by 50% new width/height = 1500/900
- 21:49:32.063 DEBUG: Window max width/height = 1846/978
- 21:49:32.063 DEBUG: GetBrowserWindow(): not found, hwnd = 2165546
- 21:49:32.063 DEBUG: WindowProc(): event WM_GETMINMAXINFO: could not fetch BrowserWindow
- 21:49:32.063 WARNING: Setting icon from settings file failed (ICON_BIG)
- 21:49:32.063 WARNING: Setting icon from settings file failed (ICON_SMALL)
- 21:49:32.063 DEBUG: BrowserWindow::CreateBrowserControl()
- 21:49:32.063 DEBUG: StoreBrowserWindow(): hwnd = 2165546
- 21:49:32.141 DEBUG: ClientHandler::OnAfterCreated()
- 21:49:32.141 DEBUG: SetCefBrowser() called in ClientHandler::OnAfterCreated()
- 21:49:32.156 DEBUG: OnLoadingStateChange: loading=1, url=
- 21:49:32.000 DEBUG: Command line string for the gpu-process process: "C:\Manutentori\manutenzione.exe" --type=gpu-process --no-sandbox --lang=en-US --log-file="C:\Manutentori\debug.log" --disable-direct-composition --supports-dual-gpus=false --gpu-driver-bug-workarounds=7,10,18,19,20,23,41,61,74 --disable-gl-extensions="GL_KHR_blend_equation_advanced GL_KHR_blend_equation_advanced_coherent" --gpu-vendor-id=0x8086 --gpu-device-id=0xa7a1 --gpu-driver-vendor="Intel Corporation" --gpu-driver-version=31.0.101.5522 --gpu-driver-date=5-12-2024 --lang=en-US --log-file="C:\Manutentori\debug.log" --service-request-channel-token=BB5372CE338FC7942EC23894D12BBA1C --mojo-platform-channel-handle=1768 /prefetch:2
- 21:49:32.000 DEBUG: Command line string for the renderer process: "C:\Manutentori\manutenzione.exe" --type=renderer --no-sandbox --primordial-pipe-token=4968BFABD0D1515224169FE0B6A3306A --lang=en-US --lang=en-US --log-file="C:\Manutentori\debug.log" --enable-pinch --device-scale-factor=1.5 --num-raster-threads=4 --enable-main-frame-before-activation --content-image-texture-target=0,0,3553;0,1,3553;0,2,3553;0,3,3553;0,4,3553;0,5,3553;0,6,3553;0,7,3553;0,8,3553;0,9,3553;0,10,3553;0,11,3553;0,12,3553;0,13,3553;0,14,3553;0,15,3553;1,0,3553;1,1,3553;1,2,3553;1,3,3553;1,4,3553;1,5,3553;1,6,3553;1,7,3553;1,8,3553;1,9,3553;1,10,3553;1,11,3553;1,12,3553;1,13,3553;1,14,3553;1,15,3553;2,0,3553;2,1,3553;2,2,3553;2,3,3553;2,4,3553;2,5,3553;2,6,3553;2,7,3553;2,8,3553;2,9,3553;2,10,3553;2,11,3553;2,12,3553;2,13,3553;2,14,3553;2,15,3553;3,0,3553;3,1,3553;3,2,3553;3,3,3553;3,4,3553;3,5,3553;3,6,3553;3,7,3553;3,8,3553;3,9,3553;3,10,3553;3,11,3553;3,12,3553;3,13,3553;3,14,3553;3,15,3553 --service-request-channel-token=4968BFABD0D1515224169FE0B6A3306A --renderer-client-id=3 --mojo-platform-channel-handle=2364 /prefetch:1
- 21:49:32.031 DEBUG: OnBrowserCreated()
[0709/214932.945:ERROR:child_thread_impl.cc(762)] Request for unknown Channel-associated interface: ui::mojom::GpuMain
- 21:49:33.281 DEBUG: OnContextCreated()
- 21:49:33.563 INFO: GET 200 /css.css
- 21:49:33.563 INFO: GET 200 /image/Aggiungi.png
- 21:49:33.563 INFO: GET 200 /image/Modifica.png
- 21:49:33.563 INFO: GET 200 /image/Elimina.png
- 21:49:33.578 INFO: GET 200 /image/Clear.png
- 21:49:33.578 INFO: GET 200 /
- 21:49:33.578 INFO: GET 200 /image/faccina.png
- 21:49:33.578 INFO: GET 200 /image/TutteLeMacchine.png
- 21:49:33.578 INFO: GET 200 /image/StoricoMacchina.png
- 21:49:33.578 INFO: GET 200 /image/MacchineEffettuateInData.png
[0709/214933.205:INFO:CONSOLE(1)] "Uncaught SyntaxError: Unexpected token ...", source: https://cdn.jsdelivr.net/npm/uikit@3.15.9/dist/js/uikit.min.js (1)
- 21:49:33.578 INFO: GET 200 /image/MacchineInProgrammaPerData.png
- 21:49:33.594 INFO: GET 200 /image/OK.png
- 21:49:33.594 INFO: GET 200 /image/RiepilogoMensile.png
- 21:49:33.594 INFO: GET 200 /image/ELIMINA2.png
- 21:49:33.594 INFO: GET 200 /image/Chiudi.png
- 21:49:33.594 INFO: GET 200 /js.js
- 21:49:33.656 DEBUG: OnLoadingStateChange: loading=0, url=http://127.0.0.1:56088/
- 21:49:38.594 DEBUG: WM_DESTROY
- 21:49:38.594 DEBUG: RemoveBrowserWindow(): hwnd = 2165546
- 21:49:38.594 INFO: Stopping Mongoose web server
- 21:49:38.594 DEBUG: Mongoose webserver stopped immediately
- 21:49:38.594 DEBUG: OnBeforeClose() hwnd=919214
- 21:49:38.594 DEBUG: RemoveBrowserWindow(): hwnd = 919214
- 21:49:38.594 DEBUG: GetBrowserWindow(): not found, hwnd = 919214
- 21:49:38.594 WARNING: RemoveBrowserWindow() failed: GetBrowserWindow() failed
- 21:49:38.594 DEBUG: Calling CefQuitMessageLoop()
- 21:49:38.656 INFO: Ended application
- 21:49:38.656 INFO: --------------------------------------------------------
- 21:49:57.000 INFO: --------------------------------------------------------
- 21:49:57.000 INFO: Started application
- 21:49:57.000 INFO: Logging to: C:\Manutentori\debug.log
- 21:49:57.000 INFO: Log level = DEBUG4
- 21:49:57.000 INFO: Starting Mongoose 3.9c web server
- 21:49:57.000 INFO: WWW directory: C:\Manutentori\www
- 21:49:57.000 INFO: Index files: index.html,index.php
- 21:49:57.000 INFO: CGI interpreter: C:\Manutentori\php\php-cgi.exe
- 21:49:57.000 INFO: CGI pattern: **.php$
- 21:49:57.000 INFO: Hide files patterns: 
- 21:49:57.000 INFO: CGI environment variables set: TMP=C:\Users\verrie\AppData\Local\Temp\,TEMP=C:\Users\verrie\AppData\Local\Temp\,TMPDIR=C:\Users\verrie\AppData\Local\Temp\,SERVER_NAME=127.0.0.1,PHPDESKTOP_VERSION=57.0
- 21:49:57.016 INFO: Web server url: http://127.0.0.1:56131/
- 21:49:57.016 INFO: remote_debugging_port = 64700
- 21:49:57.016 DEBUG: Command line string for the browser process: "C:\Manutentori\manutenzione.exe" --no-sandbox --lang=en-US --log-file="C:\Manutentori\debug.log" --remote-debugging-port=64700
- 21:49:57.063 DEBUG: App::OnContextInitialized()
- 21:49:57.063 INFO: DPI, window enlarged by 50% new width/height = 1500/900
- 21:49:57.063 DEBUG: Window max width/height = 1846/978
- 21:49:57.063 DEBUG: GetBrowserWindow(): not found, hwnd = 2033218
- 21:49:57.063 DEBUG: WindowProc(): event WM_GETMINMAXINFO: could not fetch BrowserWindow
- 21:49:57.063 WARNING: Setting icon from settings file failed (ICON_BIG)
- 21:49:57.063 WARNING: Setting icon from settings file failed (ICON_SMALL)
- 21:49:57.063 DEBUG: BrowserWindow::CreateBrowserControl()
- 21:49:57.063 DEBUG: StoreBrowserWindow(): hwnd = 2033218
- 21:49:57.157 DEBUG: ClientHandler::OnAfterCreated()
- 21:49:57.157 DEBUG: SetCefBrowser() called in ClientHandler::OnAfterCreated()
- 21:49:57.172 DEBUG: OnLoadingStateChange: loading=1, url=
- 21:49:57.015 DEBUG: Command line string for the gpu-process process: "C:\Manutentori\manutenzione.exe" --type=gpu-process --no-sandbox --lang=en-US --log-file="C:\Manutentori\debug.log" --disable-direct-composition --supports-dual-gpus=false --gpu-driver-bug-workarounds=7,10,18,19,20,23,41,61,74 --disable-gl-extensions="GL_KHR_blend_equation_advanced GL_KHR_blend_equation_advanced_coherent" --gpu-vendor-id=0x8086 --gpu-device-id=0xa7a1 --gpu-driver-vendor="Intel Corporation" --gpu-driver-version=31.0.101.5522 --gpu-driver-date=5-12-2024 --lang=en-US --log-file="C:\Manutentori\debug.log" --service-request-channel-token=32D54A1B7152A5C3109FF17FA7F21B6E --mojo-platform-channel-handle=1840 /prefetch:2
- 21:49:57.000 DEBUG: Command line string for the renderer process: "C:\Manutentori\manutenzione.exe" --type=renderer --no-sandbox --primordial-pipe-token=64AB3348639764A0186B5AC60E3FF131 --lang=en-US --lang=en-US --log-file="C:\Manutentori\debug.log" --enable-pinch --device-scale-factor=1.5 --num-raster-threads=4 --enable-main-frame-before-activation --content-image-texture-target=0,0,3553;0,1,3553;0,2,3553;0,3,3553;0,4,3553;0,5,3553;0,6,3553;0,7,3553;0,8,3553;0,9,3553;0,10,3553;0,11,3553;0,12,3553;0,13,3553;0,14,3553;0,15,3553;1,0,3553;1,1,3553;1,2,3553;1,3,3553;1,4,3553;1,5,3553;1,6,3553;1,7,3553;1,8,3553;1,9,3553;1,10,3553;1,11,3553;1,12,3553;1,13,3553;1,14,3553;1,15,3553;2,0,3553;2,1,3553;2,2,3553;2,3,3553;2,4,3553;2,5,3553;2,6,3553;2,7,3553;2,8,3553;2,9,3553;2,10,3553;2,11,3553;2,12,3553;2,13,3553;2,14,3553;2,15,3553;3,0,3553;3,1,3553;3,2,3553;3,3,3553;3,4,3553;3,5,3553;3,6,3553;3,7,3553;3,8,3553;3,9,3553;3,10,3553;3,11,3553;3,12,3553;3,13,3553;3,14,3553;3,15,3553 --service-request-channel-token=64AB3348639764A0186B5AC60E3FF131 --renderer-client-id=3 --mojo-platform-channel-handle=2376 /prefetch:1
[0709/214957.718:ERROR:child_thread_impl.cc(762)] Request for unknown Channel-associated interface: ui::mojom::GpuMain
- 21:49:57.031 DEBUG: OnBrowserCreated()
- 21:49:57.516 INFO: GET 200 /css.css
- 21:49:57.234 DEBUG: OnContextCreated()
- 21:49:57.516 INFO: GET 200 /image/Aggiungi.png
- 21:49:57.516 INFO: GET 200 /image/Modifica.png
- 21:49:57.516 INFO: GET 200 /image/Elimina.png
[0709/214957.929:INFO:CONSOLE(1)] "Uncaught SyntaxError: Unexpected token ...", source: https://cdn.jsdelivr.net/npm/uikit@3.15.9/dist/js/uikit.min.js (1)
- 21:49:57.532 INFO: GET 200 /
- 21:49:57.532 INFO: GET 200 /image/Clear.png
- 21:49:57.532 INFO: GET 200 /image/faccina.png
- 21:49:57.532 INFO: GET 200 /image/MacchineInProgrammaPerData.png
- 21:49:57.532 INFO: GET 200 /image/StoricoMacchina.png
- 21:49:57.532 INFO: GET 200 /image/TutteLeMacchine.png
- 21:49:57.532 INFO: GET 200 /image/MacchineEffettuateInData.png
- 21:49:57.579 INFO: GET 200 /image/OK.png
- 21:49:57.579 INFO: GET 200 /image/Chiudi.png
- 21:49:57.579 INFO: GET 200 /image/RiepilogoMensile.png
- 21:49:57.579 INFO: GET 200 /image/ELIMINA2.png
- 21:49:57.579 INFO: GET 200 /js.js
- 21:49:58.610 DEBUG: OnLoadingStateChange: loading=0, url=http://127.0.0.1:56131/
- 21:50:01.891 DEBUG: OnLoadingStateChange: loading=1, url=http://127.0.0.1:56131/
- 21:50:01.781 DEBUG: OnContextCreated()
[0709/215001.474:INFO:CONSOLE(1)] "Uncaught SyntaxError: Unexpected token ...", source: https://cdn.jsdelivr.net/npm/uikit@3.15.9/dist/js/uikit.min.js (1)
- 21:50:01.079 INFO: POST 200 /
- 21:50:01.094 DEBUG: OnLoadingStateChange: loading=0, url=http://127.0.0.1:56131/
- 21:50:05.907 DEBUG: OnLoadingStateChange: loading=1, url=http://127.0.0.1:56131/
- 21:50:05.812 DEBUG: OnContextCreated()
[0709/215005.520:INFO:CONSOLE(1)] "Uncaught SyntaxError: Unexpected token ...", source: https://cdn.jsdelivr.net/npm/uikit@3.15.9/dist/js/uikit.min.js (1)
- 21:50:05.125 INFO: POST 200 /
- 21:50:05.141 DEBUG: OnLoadingStateChange: loading=0, url=http://127.0.0.1:56131/
- 21:50:10.579 DEBUG: OnLoadingStateChange: loading=1, url=http://127.0.0.1:56131/
- 21:50:11.484 DEBUG: OnContextCreated()
[0709/215011.180:INFO:CONSOLE(1)] "Uncaught SyntaxError: Unexpected token ...", source: https://cdn.jsdelivr.net/npm/uikit@3.15.9/dist/js/uikit.min.js (1)
- 21:50:11.782 INFO: POST 200 /
- 21:50:11.813 DEBUG: OnLoadingStateChange: loading=0, url=http://127.0.0.1:56131/
- 21:50:19.094 DEBUG: OnLoadingStateChange: loading=1, url=http://127.0.0.1:56131/
- 21:50:19.000 DEBUG: OnContextCreated()
- 21:50:19.297 INFO: POST 200 /
[0709/215019.719:INFO:CONSOLE(1)] "Uncaught SyntaxError: Unexpected token ...", source: https://cdn.jsdelivr.net/npm/uikit@3.15.9/dist/js/uikit.min.js (1)
- 21:50:19.344 DEBUG: OnLoadingStateChange: loading=0, url=http://127.0.0.1:56131/
[0709/215020.877:INFO:CONSOLE(64)] "Valori riga selezionata: ", source: http://127.0.0.1:56131/js.js (64)
[0709/215021.020:INFO:CONSOLE(64)] "Valori riga selezionata: ", source: http://127.0.0.1:56131/js.js (64)
- 21:50:21.688 INFO: GET 200 /ottieniStorici.php?identificativo=0
- 21:50:21.844 INFO: GET 200 /ottieniStorici.php?identificativo=0
- 21:50:23.454 DEBUG: OnLoadingStateChange: loading=1, url=http://127.0.0.1:56131/
- 21:50:24.359 DEBUG: OnContextCreated()
[0709/215024.065:INFO:CONSOLE(1)] "Uncaught SyntaxError: Unexpected token ...", source: https://cdn.jsdelivr.net/npm/uikit@3.15.9/dist/js/uikit.min.js (1)
- 21:50:24.672 INFO: POST 200 /
- 21:50:24.688 DEBUG: OnLoadingStateChange: loading=0, url=http://127.0.0.1:56131/
- 21:50:25.313 DEBUG: WM_DESTROY
- 21:50:25.313 DEBUG: RemoveBrowserWindow(): hwnd = 2033218
- 21:50:25.313 INFO: Stopping Mongoose web server
- 21:50:25.313 DEBUG: Mongoose webserver stopped immediately
- 21:50:25.313 DEBUG: OnBeforeClose() hwnd=1967054
- 21:50:25.313 DEBUG: RemoveBrowserWindow(): hwnd = 1967054
- 21:50:25.313 DEBUG: GetBrowserWindow(): not found, hwnd = 1967054
- 21:50:25.313 WARNING: RemoveBrowserWindow() failed: GetBrowserWindow() failed
- 21:50:25.313 DEBUG: Calling CefQuitMessageLoop()
- 21:50:25.375 INFO: Ended application
- 21:50:25.375 INFO: --------------------------------------------------------
- 21:50:28.000 INFO: --------------------------------------------------------
- 21:50:28.000 INFO: Started application
- 21:50:28.000 INFO: Logging to: C:\Manutentori\debug.log
- 21:50:28.000 INFO: Log level = DEBUG4
- 21:50:28.000 INFO: Starting Mongoose 3.9c web server
- 21:50:28.000 INFO: WWW directory: C:\Manutentori\www
- 21:50:28.000 INFO: Index files: index.html,index.php
- 21:50:28.000 INFO: CGI interpreter: C:\Manutentori\php\php-cgi.exe
- 21:50:28.000 INFO: CGI pattern: **.php$
- 21:50:28.000 INFO: Hide files patterns: 
- 21:50:28.000 INFO: CGI environment variables set: TMP=C:\Users\verrie\AppData\Local\Temp\,TEMP=C:\Users\verrie\AppData\Local\Temp\,TMPDIR=C:\Users\verrie\AppData\Local\Temp\,SERVER_NAME=127.0.0.1,PHPDESKTOP_VERSION=57.0
- 21:50:28.000 INFO: Web server url: http://127.0.0.1:56266/
- 21:50:28.000 INFO: remote_debugging_port = 51916
- 21:50:28.000 DEBUG: Command line string for the browser process: "C:\Manutentori\manutenzione.exe" --no-sandbox --lang=en-US --log-file="C:\Manutentori\debug.log" --remote-debugging-port=51916
- 21:50:28.063 DEBUG: App::OnContextInitialized()
- 21:50:28.063 INFO: DPI, window enlarged by 50% new width/height = 1500/900
- 21:50:28.063 DEBUG: Window max width/height = 1846/978
- 21:50:28.063 DEBUG: GetBrowserWindow(): not found, hwnd = 1967888
- 21:50:28.063 DEBUG: WindowProc(): event WM_GETMINMAXINFO: could not fetch BrowserWindow
- 21:50:28.063 WARNING: Setting icon from settings file failed (ICON_BIG)
- 21:50:28.063 WARNING: Setting icon from settings file failed (ICON_SMALL)
- 21:50:28.063 DEBUG: BrowserWindow::CreateBrowserControl()
- 21:50:28.063 DEBUG: StoreBrowserWindow(): hwnd = 1967888
- 21:50:29.141 DEBUG: ClientHandler::OnAfterCreated()
- 21:50:29.141 DEBUG: SetCefBrowser() called in ClientHandler::OnAfterCreated()
- 21:50:29.141 DEBUG: OnLoadingStateChange: loading=1, url=
- 21:50:29.015 DEBUG: Command line string for the gpu-process process: "C:\Manutentori\manutenzione.exe" --type=gpu-process --no-sandbox --lang=en-US --log-file="C:\Manutentori\debug.log" --disable-direct-composition --supports-dual-gpus=false --gpu-driver-bug-workarounds=7,10,18,19,20,23,41,61,74 --disable-gl-extensions="GL_KHR_blend_equation_advanced GL_KHR_blend_equation_advanced_coherent" --gpu-vendor-id=0x8086 --gpu-device-id=0xa7a1 --gpu-driver-vendor="Intel Corporation" --gpu-driver-version=31.0.101.5522 --gpu-driver-date=5-12-2024 --lang=en-US --log-file="C:\Manutentori\debug.log" --service-request-channel-token=08F577C2830C6C7EAE13BB6AD0AA37E6 --mojo-platform-channel-handle=1764 /prefetch:2
- 21:50:29.000 DEBUG: Command line string for the renderer process: "C:\Manutentori\manutenzione.exe" --type=renderer --no-sandbox --primordial-pipe-token=72AEEA7E92BE28F3F57444EC73D616BC --lang=en-US --lang=en-US --log-file="C:\Manutentori\debug.log" --enable-pinch --device-scale-factor=1.5 --num-raster-threads=4 --enable-main-frame-before-activation --content-image-texture-target=0,0,3553;0,1,3553;0,2,3553;0,3,3553;0,4,3553;0,5,3553;0,6,3553;0,7,3553;0,8,3553;0,9,3553;0,10,3553;0,11,3553;0,12,3553;0,13,3553;0,14,3553;0,15,3553;1,0,3553;1,1,3553;1,2,3553;1,3,3553;1,4,3553;1,5,3553;1,6,3553;1,7,3553;1,8,3553;1,9,3553;1,10,3553;1,11,3553;1,12,3553;1,13,3553;1,14,3553;1,15,3553;2,0,3553;2,1,3553;2,2,3553;2,3,3553;2,4,3553;2,5,3553;2,6,3553;2,7,3553;2,8,3553;2,9,3553;2,10,3553;2,11,3553;2,12,3553;2,13,3553;2,14,3553;2,15,3553;3,0,3553;3,1,3553;3,2,3553;3,3,3553;3,4,3553;3,5,3553;3,6,3553;3,7,3553;3,8,3553;3,9,3553;3,10,3553;3,11,3553;3,12,3553;3,13,3553;3,14,3553;3,15,3553 --service-request-channel-token=72AEEA7E92BE28F3F57444EC73D616BC --renderer-client-id=3 --mojo-platform-channel-handle=2376 /prefetch:1
- 21:50:29.032 DEBUG: OnBrowserCreated()
[0709/215029.235:ERROR:child_thread_impl.cc(762)] Request for unknown Channel-associated interface: ui::mojom::GpuMain
- 21:50:29.266 DEBUG: OnContextCreated()
- 21:50:29.547 INFO: GET 200 /css.css
- 21:50:29.547 INFO: GET 200 /image/Aggiungi.png
- 21:50:29.563 INFO: GET 200 /image/Modifica.png
- 21:50:29.563 INFO: GET 200 /image/Elimina.png
- 21:50:29.563 INFO: GET 200 /image/Clear.png
[0709/215029.485:INFO:CONSOLE(1)] "Uncaught SyntaxError: Unexpected token ...", source: https://cdn.jsdelivr.net/npm/uikit@3.15.9/dist/js/uikit.min.js (1)
- 21:50:29.563 INFO: GET 200 /image/faccina.png
- 21:50:29.563 INFO: GET 200 /
- 21:50:29.563 INFO: GET 200 /image/StoricoMacchina.png
- 21:50:29.563 INFO: GET 200 /image/TutteLeMacchine.png
- 21:50:29.578 INFO: GET 200 /image/MacchineEffettuateInData.png
- 21:50:29.578 INFO: GET 200 /image/MacchineInProgrammaPerData.png
- 21:50:29.625 INFO: GET 200 /image/ELIMINA2.png
- 21:50:29.625 INFO: GET 200 /image/RiepilogoMensile.png
- 21:50:29.625 INFO: GET 200 /image/OK.png
- 21:50:29.625 INFO: GET 200 /image/Chiudi.png
- 21:50:29.625 INFO: GET 200 /js.js
- 21:50:29.672 DEBUG: OnLoadingStateChange: loading=0, url=http://127.0.0.1:56266/
- 21:50:35.422 DEBUG: OnLoadingStateChange: loading=1, url=http://127.0.0.1:56266/
- 21:50:35.328 DEBUG: OnContextCreated()
[0709/215035.543:INFO:CONSOLE(1)] "Uncaught SyntaxError: Unexpected token ...", source: https://cdn.jsdelivr.net/npm/uikit@3.15.9/dist/js/uikit.min.js (1)
- 21:50:35.625 INFO: POST 200 /
- 21:50:35.656 DEBUG: OnLoadingStateChange: loading=0, url=http://127.0.0.1:56266/
- 21:50:36.453 DEBUG: OnLoadingStateChange: loading=1, url=http://127.0.0.1:56266/
- 21:50:36.375 DEBUG: OnContextCreated()
[0709/215036.593:INFO:CONSOLE(1)] "Uncaught SyntaxError: Unexpected token ...", source: https://cdn.jsdelivr.net/npm/uikit@3.15.9/dist/js/uikit.min.js (1)
- 21:50:36.672 INFO: POST 200 /
- 21:50:36.703 DEBUG: OnLoadingStateChange: loading=0, url=http://127.0.0.1:56266/
- 21:50:38.109 DEBUG: WM_DESTROY
- 21:50:38.109 DEBUG: RemoveBrowserWindow(): hwnd = 1967888
- 21:50:38.109 INFO: Stopping Mongoose web server
- 21:50:38.109 DEBUG: Mongoose webserver stopped immediately
- 21:50:38.109 DEBUG: OnBeforeClose() hwnd=2032590
- 21:50:38.109 DEBUG: RemoveBrowserWindow(): hwnd = 2032590
- 21:50:38.109 DEBUG: GetBrowserWindow(): not found, hwnd = 2032590
- 21:50:38.109 WARNING: RemoveBrowserWindow() failed: GetBrowserWindow() failed
- 21:50:38.109 DEBUG: Calling CefQuitMessageLoop()
- 21:50:38.203 INFO: Ended application
- 21:50:38.203 INFO: --------------------------------------------------------
